
> lifequest-app@0.1.0 build
> next build

Γû▓ Next.js 16.1.6 (Turbopack)

  Creating an optimized production build ...
node.exe : 
At line:1 char:1
+ & "C:\Program 
Files\nodejs/node.exe" 
"C:\Program 
Files\nodejs/node_mo ...
+ ~~~~~~~~~~~~~~~~~~~~~~~~~
~~~~~~~~~~~~~~~~~~~~~~~~~~~
~~~~~~~~~~~~~~~~~
    + CategoryInfo         
     : NotSpecified: (:St  
  ring) [], RemoteExcept   
 ion
    + FullyQualifiedErrorI 
   d : NativeCommandError
 
> Build error occurred
Error: Turbopack build 
failed with 1 errors:
./src/app/(dashboard)/socia
l/page.tsx:48:34
Parsing ecmascript source 
code failed
[0m [90m 46 |[39m     
[36mconst[39m 
[isCreatingTeam[33m,[39m 
setIsCreatingTeam] 
[33m=[39m useState([36mf
alse[39m)[33m;[39m
 [90m 47 |[39m
[31m[1m>[22m[39m[90m 
48 |[39m     
[36mconst[39m 
handleCreateTeam 
[33m=[39m () 
[33m=>[39m {
 [90m    |[39m           
                       
[31m[1m^[22m[39m
 [90m 49 |[39m         se
tIsCreatingTeam([36mtrue[
39m)[33m;[39m
 [90m 50 |[39m         
[90m// Mock creation 
delay[39m
 [90m 51 |[39m         
setTimeout(() [33m=>[39m 
{[0m

Unexpected token. Did you 
mean `{'>'}` or `&gt;`?


    at <unknown> (./src/app
/(dashboard)/social/page.ts
x:48:34)
