src/components/dashboard/ProductivityTrendsWidget.tsx(70,13): error TS7034: Variable 'data' implicitly has type 'any[]' in some locations where its type cannot be determined.
src/components/dashboard/ProductivityTrendsWidget.tsx(81,25): error TS7005: Variable 'data' implicitly has an 'any[]' type.
