src/app/(dashboard)/social/page.tsx(48,34): error TS1382: Unexpected token. Did you mean `{'>'}` or `&gt;`?
src/app/(dashboard)/social/page.tsx(49,32): error TS1005: '}' expected.
src/app/(dashboard)/social/page.tsx(51,24): error TS1382: Unexpected token. Did you mean `{'>'}` or `&gt;`?
src/app/(dashboard)/social/page.tsx(52,13): error TS1109: Expression expected.
src/app/(dashboard)/social/page.tsx(56,19): error TS1005: '}' expected.
src/app/(dashboard)/social/page.tsx(61,13): error TS1381: Unexpected token. Did you mean `{'}'}` or `&rbrace;`?
src/app/(dashboard)/social/page.tsx(65,19): error TS1005: '}' expected.
src/app/(dashboard)/social/page.tsx(72,29): error TS1005: '}' expected.
src/app/(dashboard)/social/page.tsx(72,140): error TS1381: Unexpected token. Did you mean `{'}'}` or `&rbrace;`?
src/app/(dashboard)/social/page.tsx(74,13): error TS1381: Unexpected token. Did you mean `{'}'}` or `&rbrace;`?
src/app/(dashboard)/social/page.tsx(79,9): error TS1381: Unexpected token. Did you mean `{'}'}` or `&rbrace;`?
src/app/(dashboard)/social/page.tsx(80,5): error TS1381: Unexpected token. Did you mean `{'}'}` or `&rbrace;`?
